[    1346ms] [INFO] %cDownload the React DevTools for a better development experience: https://react.dev/link/react-devtools font-weight:bold @ http://localhost:3000/_next/static/chunks/node_modules_next_dist_115brz8._.js:2431
[    1396ms] [LOG] [HMR] connected @ http://localhost:3000/_next/static/chunks/node_modules_next_dist_115brz8._.js:2431
[    1549ms] [LOG] [Fast Refresh] rebuilding @ http://localhost:3000/_next/static/chunks/node_modules_next_dist_115brz8._.js:2431
[    1644ms] [LOG] [Fast Refresh] done in 195ms @ http://localhost:3000/_next/static/chunks/node_modules_next_dist_115brz8._.js:2431
[    2081ms] [ERROR] Failed to load resource: the server responded with a status of 500 (Internal Server Error) @ http://localhost:3000/api/auth/session:0
[    2082ms] [ERROR] ClientFetchError: There was a problem with the server configuration. Check the server logs for more information.. Read more at https://errors.authjs.dev#autherror
    at fetchData (http://localhost:3000/_next/static/chunks/node_modules_0o4.fgq._.js:514:22)
    at async getSession (http://localhost:3000/_next/static/chunks/node_modules_0o4.fgq._.js:681:21)
    at async SessionProvider.useEffect [as _getSession] (http://localhost:3000/_next/static/chunks/node_modules_0o4.fgq._.js:824:51) @ http://localhost:3000/_next/static/chunks/node_modules_next_dist_115brz8._.js:3272
[    2113ms] [ERROR] Failed to load resource: the server responded with a status of 500 (Internal Server Error) @ http://localhost:3000/api/auth/session:0
[    2129ms] [ERROR] ClientFetchError: There was a problem with the server configuration. Check the server logs for more information.. Read more at https://errors.authjs.dev#autherror
    at fetchData (http://localhost:3000/_next/static/chunks/node_modules_0o4.fgq._.js:514:22)
    at async getSession (http://localhost:3000/_next/static/chunks/node_modules_0o4.fgq._.js:681:21)
    at async SessionProvider.useEffect [as _getSession] (http://localhost:3000/_next/static/chunks/node_modules_0o4.fgq._.js:824:51) @ http://localhost:3000/_next/static/chunks/node_modules_next_dist_115brz8._.js:3272
[    2264ms] [LOG] [Fast Refresh] rebuilding @ http://localhost:3000/_next/static/chunks/node_modules_next_dist_115brz8._.js:2431
[    2361ms] [LOG] [Fast Refresh] done in 199ms @ http://localhost:3000/_next/static/chunks/node_modules_next_dist_115brz8._.js:2431
[   10324ms] [LOG] [Fast Refresh] rebuilding @ http://localhost:3000/_next/static/chunks/node_modules_next_dist_115brz8._.js:2431
[   10411ms] [LOG] [Fast Refresh] done in 187ms @ http://localhost:3000/_next/static/chunks/node_modules_next_dist_115brz8._.js:2431
[   18859ms] [ERROR] WebSocket connection to 'ws://localhost:3000/_next/webpack-hmr?id=W9G5EdW7jFIoqHLjdn0W4' failed:  @ http://localhost:3000/_next/static/chunks/node_modules_next_dist_client_0fhqo1d._.js:13299
[   19861ms] [ERROR] WebSocket connection to 'ws://localhost:3000/_next/webpack-hmr?id=W9G5EdW7jFIoqHLjdn0W4' failed:  @ http://localhost:3000/_next/static/chunks/node_modules_next_dist_client_0fhqo1d._.js:13299
[   20863ms] [ERROR] WebSocket connection to 'ws://localhost:3000/_next/webpack-hmr?id=W9G5EdW7jFIoqHLjdn0W4' failed:  @ http://localhost:3000/_next/static/chunks/node_modules_next_dist_client_0fhqo1d._.js:13299
[   21866ms] [ERROR] WebSocket connection to 'ws://localhost:3000/_next/webpack-hmr?id=W9G5EdW7jFIoqHLjdn0W4' failed:  @ http://localhost:3000/_next/static/chunks/node_modules_next_dist_client_0fhqo1d._.js:13299
[   22868ms] [ERROR] WebSocket connection to 'ws://localhost:3000/_next/webpack-hmr?id=W9G5EdW7jFIoqHLjdn0W4' failed:  @ http://localhost:3000/_next/static/chunks/node_modules_next_dist_client_0fhqo1d._.js:13299
[   27870ms] [ERROR] WebSocket connection to 'ws://localhost:3000/_next/webpack-hmr?id=W9G5EdW7jFIoqHLjdn0W4' failed:  @ http://localhost:3000/_next/static/chunks/node_modules_next_dist_client_0fhqo1d._.js:13299
[   32874ms] [ERROR] WebSocket connection to 'ws://localhost:3000/_next/webpack-hmr?id=W9G5EdW7jFIoqHLjdn0W4' failed:  @ http://localhost:3000/_next/static/chunks/node_modules_next_dist_client_0fhqo1d._.js:13299
[   37875ms] [ERROR] WebSocket connection to 'ws://localhost:3000/_next/webpack-hmr?id=W9G5EdW7jFIoqHLjdn0W4' failed:  @ http://localhost:3000/_next/static/chunks/node_modules_next_dist_client_0fhqo1d._.js:13299
[   42880ms] [ERROR] WebSocket connection to 'ws://localhost:3000/_next/webpack-hmr?id=W9G5EdW7jFIoqHLjdn0W4' failed:  @ http://localhost:3000/_next/static/chunks/node_modules_next_dist_client_0fhqo1d._.js:13299
[   47884ms] [ERROR] WebSocket connection to 'ws://localhost:3000/_next/webpack-hmr?id=W9G5EdW7jFIoqHLjdn0W4' failed:  @ http://localhost:3000/_next/static/chunks/node_modules_next_dist_client_0fhqo1d._.js:13299
[   52890ms] [ERROR] WebSocket connection to 'ws://localhost:3000/_next/webpack-hmr?id=W9G5EdW7jFIoqHLjdn0W4' failed:  @ http://localhost:3000/_next/static/chunks/node_modules_next_dist_client_0fhqo1d._.js:13299
[   57896ms] [ERROR] WebSocket connection to 'ws://localhost:3000/_next/webpack-hmr?id=W9G5EdW7jFIoqHLjdn0W4' failed:  @ http://localhost:3000/_next/static/chunks/node_modules_next_dist_client_0fhqo1d._.js:13299
