[     237ms] [INFO] %cDownload the React DevTools for a better development experience: https://react.dev/link/react-devtools font-weight:bold @ http://localhost:3000/_next/static/chunks/node_modules_next_dist_115brz8._.js:2431
[     268ms] [LOG] [HMR] connected @ http://localhost:3000/_next/static/chunks/node_modules_next_dist_115brz8._.js:2431
[     728ms] [ERROR] Failed to load resource: the server responded with a status of 500 (Internal Server Error) @ http://localhost:3000/api/auth/session:0
[     729ms] [ERROR] ClientFetchError: There was a problem with the server configuration. Check the server logs for more information.. Read more at https://errors.authjs.dev#autherror
    at fetchData (http://localhost:3000/_next/static/chunks/node_modules_0o4.fgq._.js:514:22)
    at async getSession (http://localhost:3000/_next/static/chunks/node_modules_0o4.fgq._.js:681:21)
    at async SessionProvider.useEffect [as _getSession] (http://localhost:3000/_next/static/chunks/node_modules_0o4.fgq._.js:824:51) @ http://localhost:3000/_next/static/chunks/node_modules_next_dist_115brz8._.js:3272
[     755ms] [ERROR] Failed to load resource: the server responded with a status of 500 (Internal Server Error) @ http://localhost:3000/api/auth/session:0
[     764ms] [ERROR] ClientFetchError: There was a problem with the server configuration. Check the server logs for more information.. Read more at https://errors.authjs.dev#autherror
    at fetchData (http://localhost:3000/_next/static/chunks/node_modules_0o4.fgq._.js:514:22)
    at async getSession (http://localhost:3000/_next/static/chunks/node_modules_0o4.fgq._.js:681:21)
    at async SessionProvider.useEffect [as _getSession] (http://localhost:3000/_next/static/chunks/node_modules_0o4.fgq._.js:824:51) @ http://localhost:3000/_next/static/chunks/node_modules_next_dist_115brz8._.js:3272
[    3216ms] [INFO] %cDownload the React DevTools for a better development experience: https://react.dev/link/react-devtools font-weight:bold @ http://localhost:3000/_next/static/chunks/node_modules_next_dist_115brz8._.js:2431
[    3230ms] [LOG] [HMR] connected @ http://localhost:3000/_next/static/chunks/node_modules_next_dist_115brz8._.js:2431
[    3248ms] [ERROR] Failed to load resource: the server responded with a status of 500 (Internal Server Error) @ http://localhost:3000/api/auth/session:0
[    3248ms] [ERROR] ClientFetchError: There was a problem with the server configuration. Check the server logs for more information.. Read more at https://errors.authjs.dev#autherror
    at fetchData (http://localhost:3000/_next/static/chunks/node_modules_0o4.fgq._.js:514:22)
    at async getSession (http://localhost:3000/_next/static/chunks/node_modules_0o4.fgq._.js:681:21)
    at async SessionProvider.useEffect [as _getSession] (http://localhost:3000/_next/static/chunks/node_modules_0o4.fgq._.js:824:51) @ http://localhost:3000/_next/static/chunks/node_modules_next_dist_115brz8._.js:3272
[    3260ms] [ERROR] Failed to load resource: the server responded with a status of 500 (Internal Server Error) @ http://localhost:3000/api/auth/session:0
[    3269ms] [ERROR] ClientFetchError: There was a problem with the server configuration. Check the server logs for more information.. Read more at https://errors.authjs.dev#autherror
    at fetchData (http://localhost:3000/_next/static/chunks/node_modules_0o4.fgq._.js:514:22)
    at async getSession (http://localhost:3000/_next/static/chunks/node_modules_0o4.fgq._.js:681:21)
    at async SessionProvider.useEffect [as _getSession] (http://localhost:3000/_next/static/chunks/node_modules_0o4.fgq._.js:824:51) @ http://localhost:3000/_next/static/chunks/node_modules_next_dist_115brz8._.js:3272
[   28352ms] [ERROR] WebSocket connection to 'ws://localhost:3000/_next/webpack-hmr?id=JqxP7e1KGSUQnF10klPBA' failed:  @ http://localhost:3000/_next/static/chunks/node_modules_next_dist_client_0fhqo1d._.js:13299
[   29355ms] [ERROR] WebSocket connection to 'ws://localhost:3000/_next/webpack-hmr?id=JqxP7e1KGSUQnF10klPBA' failed:  @ http://localhost:3000/_next/static/chunks/node_modules_next_dist_client_0fhqo1d._.js:13299
[   30357ms] [ERROR] WebSocket connection to 'ws://localhost:3000/_next/webpack-hmr?id=JqxP7e1KGSUQnF10klPBA' failed:  @ http://localhost:3000/_next/static/chunks/node_modules_next_dist_client_0fhqo1d._.js:13299
[   31360ms] [ERROR] WebSocket connection to 'ws://localhost:3000/_next/webpack-hmr?id=JqxP7e1KGSUQnF10klPBA' failed:  @ http://localhost:3000/_next/static/chunks/node_modules_next_dist_client_0fhqo1d._.js:13299
[   32362ms] [ERROR] WebSocket connection to 'ws://localhost:3000/_next/webpack-hmr?id=JqxP7e1KGSUQnF10klPBA' failed:  @ http://localhost:3000/_next/static/chunks/node_modules_next_dist_client_0fhqo1d._.js:13299
